wwwwwwwwwwwwwwwwwwwwwwwwwwwwwwwwwwwwwwwwwwwwwwwwwwwwwwwwwwwwwwwwwwwwwwwwwwwwwwwwwwwwwwwwwwwwwwwwwwww
w.................................................................................................kw
wk.m......................................................................................swwwwwwwsw
wwwwwwwwwwwwswwwwwwwwwwwww..........................km...w..m..m..m..m..m.................s.......sw
w...........s................................swwwwwwwwwwwwwwww..............wwwwwwwwwswwwwsww.....sw
w...........s................................s...............w.............sw........s............sw
w...........s................................s...............wwwwwwwwwwwwwwww........s............sw
w...........s................................s.......................................s...m.....k..sw
w...........s..................k.......m.....s....m..................................swwww..wwwwws.w
w...........s..................wwwwswwwwwwwwww.....wwwww......s.w...w.......................w....s.w
w......m...wwwwws..................s.................w...........w.w........................w....s.w
w..www.wwwww....sww................s.................w...wwww.w...w.........................w....s.w
w.w.............swww...............s.................w...wm.w.w..w.w.........wwwwwwswwwwwwwww....sww
www.............swwww..............s.m.............wwwww.wwww.w.w...w..............s.............s.w
w...............swwwww.............wwwwwwwwwswww............w......................s.............s.w
w...............swwwwww.....................s...............w....................k.s.....m.....m.ssw
w...............swsgwwww....................s.............www....................www.swwwwwwwwws..sw
w...............swswwwwww.............k.....s........................................s........ws..sw
w..........wwwwwwws.wwwwwww...wwwwwwswwwwwwws......wwwwwwwwwwwwwwwwww................s........ws..sw
w..m......m....mows.....m........m..s...m.m......m.........m.......m.................s......mkws.isw
wwwwwwwwwwwwwwwwwwwwwwwwwwwwwwwwwwwwwwwwwwwwwwwwwwwwwwwwwwwwwwwwwwwwwwwwwwwwwwwwwwwwwwwwwwwwwwwwwwww
