wwwwwwwwwwwwwwwwwwwwwwwwwwwww
w...........................w
w..k........................w
w.wwwwws....................w
w......s......mo............w
w......s.m...wwwswww........w
w.....wswwwww...s...........w
w...............s.....wwswwkw
w.m..m....m.....s..m....s...w
wwwwwwwwwwwwwswwwwwwwwwwwwwww
w............s..............w
w..k.........s..............w
w.wwwwws.....s..............w
w......s.....sm.............w
w......s.m...swwswww........w
w.....wswwwww...s.........m.w
w...............s.....wwswwkw
w....m....m.....s..m....s...w
wwwwwwwwwwwwwswwwwwwwwwwwwwww
w............s..............w
w..k.........s..............w
w.wwwwws.....s..............w
w......s.....sm.............w
w......s.m...swwswww........w
w.....wswwwww...s.........m.w
w...............s.....wwswwkw
w....m....m.....s..m....s...w
wwwwwwwwwwwwwswwwwwwwwwwwwwww
w............s..............w
w..k.........s..............w
w.wwwwws.....s..............w
w......s.....sm.............w
w......s.m...swwswww........w
w.....wswwwww...s.........m.w
w...............s.....wwswwkw
w....m....m.....s..m....s...w
wwwwwwwwwwwwwswwwwwwwwwwwwwww
w............s..............w
w..k.........s..............w
w.wwwwws.....s..............w
w......s.....sm.............w
w......s.m...swwswww........w
w.....wswwwww...s.........m.w
w...............s.....wwswwkw
w....m....m.....s..m....s...w
wwwwwwwwwwwwwswwwwwwwwwwwwwww
w............s..............w
w..k.........s..............w
w.wwwwws.....s..............w
w......s.....sm.............w
w......s.m...swwswww........w
w.....wswwwww...s.........m.w
w...............s.....wwswwkw
w....m....m.....s..m....s...w
wwwwwwwwwwwwwswwwwwwwwwwwwwww
w............s..............w
w..k.........s..............w
w.wwwwws.....s..............w
w......s.....sm.............w
w......s.m...swwswww........w
w.....wswwwww...s.........m.w
w...............s.....wwswwkw
w....m....m.....s..m....s...w
wwwwwwwwwwwwwswwwwwwwwwwwwwww
w............s..............w
w..k.........s..............w
w.wwwwws.....s..............w
w......s.....sm.............w
w......s.m...swwswww........w
w.....wswwwww...s.........m.w
w...............s.....wwswwkw
w....m....m.....s..m....s...w
wwwwwwwwwwwwwswwwwwwwwwwwwwww
w............s..............w
w..k.........s..............w
w.wwwwws.....s..............w
w......s.....sm.............w
w......s.m...swwswww........w
w.....wswwwww...s.........m.w
w...............s.....wwswwkw
w....m....m.....s..m....s...w
wwwwwwwwwwwwwswwwwwwwwwwwwwww
w............s..............w
w..k.........s..............w
w.wwwwws.....s..............w
w......s.....sm.............w
w......s.m...swwswww........w
w.....wswwwww...s.........m.w
w...............s.....wwswwkw
w....m....m.....s..m....s...w
wwwwwwwwwwwwwswwwwwwwwwwwwwww
w............s..............w
w..k.........s..............w
w.wwwwws.....s..............w
w......s.....sm.............w
w......s.m...swwswww........w
w.....wswwwww...s.........m.w
w...............s.....wwswwkw
w....m....m.....s..m....s...w
wwwwwwwwwwwwwswwwwwwwwwwwwwww
w............s..............w
w..k.........s..............w
w.wwwwws.....s..............w
w......s.....sm.............w
w......s.m...swwswww........w
w.....wswwwww...s.........m.w
w...............s.....wwswwkw
w....m....m.....s..m....s...w
wwwwwwwwwwwwwswwwwwwwwwwwwwww
w............s..............w
w..k.........s..............w
w.wwwwws.....s..............w
w......s.....sm.............w
w......s.m...swwswww........w
w.....wswwwww...s.........m.w
w...............s.....wwswwkw
w....m....m.....s..m....s...w
wwwwwwwwwwwwwswwwwwwwwwwwwwww
w............s..............w
w..k.........s..............w
w.wwwwws.....s..............w
w......s.....sm.............w
w......s.m...swwswww........w
w.....wswwwww...s.........m.w
w...............s.....wwswwkw
w....m....m.....s..m....s...w
wwwwwwwwwwwwwswwwwwwwwwwwwwww
w............s..............w
w..k.........s..............w
w.wwwwws.....s..............w
w......s.....sm.............w
w......s.m...swwswww........w
w.....wswwwww...s.........m.w
w...............s.....wwswwkw
w....m....m.....s..m....s...w
wwwwwwwwwwwwwswwwwwwwwwwwwwww
w............s..............w
w..k.........s..............w
w.wwwwws.....s..............w
w......s.....sm.............w
w......s.m...swwswww........w
w.....wswwwww...s.........m.w
w...............s.....wwswwkw
w....m....m.....s..m....s...w
wwwwwwwwwwwwwswwwwwwwwwwwwwww
w............s..............w
w..k.........s..............w
w.wwwwws.....s..............w
w......s.....sm.............w
w......s.m...swwswww........w
w.....wswwwww...s.........m.w
w...............s.....wwswwkw
w....m....m.....s..m....s...w
wwwwwwwwwwwwwswwwwwwwwwwwwwww
w............s..............w
w..k.........s..............w
w.wwwwws.....s..............w
w......s.....sm.............w
w......s.m...swwswww........w
w.....wswwwww...s.........m.w
w...............s.....wwswwkw
w....m....m.....s..m....s...w
wwwwwwwwwwwwwswwwwwwwwwwwwwww
w............s..............w
w..k.........s..............w
w.wwwwws.....s..............w
w......s.....sm.............w
w.g....s.m...swwswww........w
w.s...wswwwww...s.........m.w
w.s.............s.....wwswwkw
w.s..m....m.....s..m....s...w
wwwwwwwwwwwwwswwwwwwwwwwwwwww
w............s..............w
w..k.........s..............w
w.wwwwws.....s..............w
w......s.....sm.............w
w......s.m...swwswww........w
w.....wswwwww...s.........m.w
w...............s.....wwswwkw
w....m....m.....s..m....s...w
wwwwwwwwwwwwwswwwwwwwwwwwwwww
w............s..............w
w..k.........s..............w
w.wwwwws.....s..............w
w......s.....sm.............w
w......s.m...swwswww........w
w.....wswwwww...s.........m.w
w...............s.....wwswwkw
w....m....m.....s..m....s...w
wwwwwwwwwwwwwswwwwwwwwwwwwwww
w............s..............w
w..k.........s..............w
w.wwwwws.....s..............w
w......s.....sm.............w
w......s.m...swwswww........w
w.....wswwwww...s...........w
w...............s...........w
w...............s...i.......w
wwwwwwwwwwwwwwwwwwwwwwwwwwwww
